<html>
<body>
<pre>
<h1>礦ision Build Log</h1>
<h2>Project:</h2>
C:\Users\特希\Desktop\stm32F1Template\stm32F1Template.uvproj
Project File Date:  01/11/2016

<h2>Output:</h2>
Build target 'Target 1'
compiling TSTools.c...
linking...
Program Size: Code=3744 RO-data=268 RW-data=40 ZI-data=1024  
FromELF: creating hex file...
".\obj\stm32工程模板.axf" - 0 Error(s), 0 Warning(s).
Load "C:\\Users\\特希\\Desktop\\stm32F1Template\\obj\\stm32工程模板.axf" 
Erase Done.
Programming Done.
Verify OK.
</pre>
</body>
</html>
rning(s).
Load "C:\\Users\\特希\\Desktop\\stm32F1Template\\obj\\stm32工程模板.axf" 
Erase Done.
Programming Done.
Verify OK.
messages.
".\obj\stm32工程模板.axf" - 1 Error(s), 2 Warning(s).
Target not created
