<html>
<body>
<pre>
<h1>礦ision Build Log</h1>
<h2>Project:</h2>
C:\Users\特希\Desktop\stm32F1Template\stm32F1Template.uvproj
Project File Date:  01/13/2016

<h2>Output:</h2>
Build target 'Target 1'
compiling DriverA2051.c...
linking...
Program Size: Code=4904 RO-data=268 RW-data=40 ZI-data=1024  
FromELF: creating hex file...
".\obj\stm32工程模板.axf" - 0 Error(s), 0 Warning(s).
</pre>
</body>
</html>
: Code=4904 RO-data=268 RW-data=40 ZI-data=1024  
FromELF: creating hex file...
".\obj\stm32工程模板.axf" - 0 Error(s), 1 Warning(s).
8 RW-data=40 ZI-data=1024  
FromELF: creating hex file...
".\obj\stm32工程模板.axf" - 0 Error(s), 2 Warning(s).
or(s), 2 Warning(s).
Target not created

Target not created
";"
    for (byte i = 128; i > 0 ; i >>= 1) {
user\TSLib\DriverA2051.c: 0 warnings, 5 errors
".\obj\stm32工程模板.axf" - 5 Error(s), 0 Warning(s).
Target not created
user\TSLib\DriverA2051.c: 1 warning, 5 errors
".\obj\stm32工程模板.axf" - 5 Error(s), 1 Warning(s).
Target not created
iling main.c...
compiling TSUsart.c...
compiling DriverA2051.c...
compiling TSTools.c...
compiling TSIO.c...
linking...
Program Size: Code=4624 RO-data=268 RW-data=40 ZI-data=1024  
FromELF: creating hex file...
".\obj\stm32工程模板.axf" - 0 Error(s), 0 Warning(s).
